// Jest Snapshot v1, https://goo.gl/fbAQLP

exports[`AvatarWrapper component expect to render 1`] = `
<div
  className="avatar-wrapper"
>
  <div
    className="avatar"
  >
    <div
      className="avatar-picture"
    />
    <p
      className="name"
    >
      Pedro Mealha
    </p>
    <p
      className="profession"
    >
      Frontend Developer
    </p>
    <Link
      className="download"
      download={true}
      target="_blank"
      to="/CV_Pedro_Mealha.pdf"
    >
      <button>
        Download CV
      </button>
    </Link>
  </div>
  <div
    className="avatar-shadow"
  />
</div>
`;
