// Jest Snapshot v1, https://goo.gl/fbAQLP

exports[`LanguageCard component expect to render LanguageCard component 1`] = `
<div
  className="language-card"
>
  <svg
    viewBox="0 0 200 200"
  >
    <circle
      cx="100"
      cy="100"
      fill="none"
      r="90"
      strokeDashoffset={NaN}
      strokeMiterlimit="10"
      strokeWidth="12"
      transform="rotate(-90)"
    />
    <text
      fontSize="50"
      textAnchor="middle"
      x="100"
      y="115"
    >
      %
    </text>
  </svg>
  <div />
</div>
`;
