// Jest Snapshot v1, https://goo.gl/fbAQLP

exports[`DetailsWrapper component expect to render DetailsWrapper component 1`] = `
<div
  className="app-details-wrapper "
>
  <div
    className="avatar-wrapper"
  >
    <div
      className="avatar"
    >
      <div
        className="avatar-picture"
      />
      <p
        className="name"
      >
        Pedro Mealha
      </p>
      <p
        className="profession"
      >
        Frontend Developer
      </p>
      <Link
        className="download"
        download={true}
        target="_blank"
        to="/CV_Pedro_Mealha.pdf"
      >
        <button>
          Download CV
        </button>
      </Link>
    </div>
    <div
      className="avatar-shadow"
    />
  </div>
  <div
    className="personal-info-wrapper"
  >
    <div
      className="personal-info"
    >
      <div
        className="location"
      >
        <ul>
          <li>
            <h4>
              Location
            </h4>
            <p>
              Portugal
            </p>
          </li>
          <li>
            <h4>
              City
            </h4>
            <p>
              Lisbon
            </p>
          </li>
          <li>
            <h4>
              Experience
            </h4>
            <span>
              6+
            </span>
          </li>
        </ul>
      </div>
      <Divider />
      <div
        className="languages-wrapper"
      >
        <h4>
          Languages
        </h4>
        <div
          className="languages"
        >
          <LanguageCard
            language="Portuguese"
            percent="100"
          />
          <LanguageCard
            language="English"
            percent="95"
          />
        </div>
      </div>
      <Divider />
      <div
        className="skills-wrapper"
      >
        <Skills />
        <p
          className="learning"
        >
          <span>
            *
          </span>
           actively learning
        </p>
      </div>
    </div>
  </div>
</div>
`;
