// Jest Snapshot v1, https://goo.gl/fbAQLP

exports[`Progress component expect to render Progress component 1`] = `
<div
  className="tool "
>
  <p>
    ReactJs
     
    <span>
      *
    </span>
  </p>
  <div
    className="progress"
  >
    <div
      style={
        Object {
          "width": "35%",
        }
      }
    >
      <div />
    </div>
  </div>
</div>
`;
